// Jest Snapshot v1, https://goo.gl/fbAQLP

exports[`EventForm render event form component 1`] = `
<div>
  <h3>
    Event registration form
  </h3>
  <form
    onSubmit={[Function]}
  >
    <TextInputField
      errorMessages={
        Array [
          "nameは必須です。",
        ]
      }
      id="name"
      onBlur={[Function]}
      onChange={[Function]}
      value=""
    />
    <TextInputField
      id="description"
      onBlur={[Function]}
      onChange={[Function]}
      value=""
    />
    <TextInputField
      id="quota"
      onBlur={[Function]}
      onChange={[Function]}
      value={0}
    />
    <input
      disabled={false}
      type="submit"
    />
  </form>
</div>
`;
