// Jest Snapshot v1, https://goo.gl/fbAQLP

exports[`Community render community component 1`] = `
<div>
  <p>
    name: 
    community1
  </p>
  <p>
    description: 
    This is the first community.
  </p>
</div>
`;
