// Jest Snapshot v1, https://goo.gl/fbAQLP

exports[`ParticipantList Component renders self. 1`] = `
<div>
  <ul>
    <li
      key="1"
    >
      <Component
        eventId={1}
        id={1}
        name="participant1"
      />
    </li>
    <li
      key="2"
    >
      <Component
        eventId={1}
        id={2}
        name="participant2"
      />
    </li>
  </ul>
</div>
`;
